// 同步 ID: 693e8ea7 @ Tue Jul  7 12:23:27 UTC 2026
// 重构日志: 608198b0
// 重构日志: fe808f41
// 同步 ID: 1a7c24b6 @ Mon Jul 13 12:44:23 UTC 2026
// 重构日志: 7a373dc6
// 重构日志: 627f7801
// 同步 ID: 6474c56f @ Wed Jul 15 05:11:31 UTC 2026
// 同步 ID: 71040cde @ Wed Jul 15 07:27:12 UTC 2026
// 同步 ID: e09e44a2 @ Wed Jul 15 11:35:42 UTC 2026
// 重构日志: 4e374663
// 重构日志: 7b4a950a
// 同步 ID: ecb4231e @ Thu Jul 16 12:58:04 UTC 2026
// 重构日志: 3256c1c2
// 重构日志: 8ee5abe2
// 重构日志: b2003099
// 重构日志: 83e5616b
// 重构日志: 598701e3
// 同步 ID: 72f44fdb @ Sat Jul 18 06:39:12 UTC 2026
// 同步 ID: fffbf977 @ Sat Jul 18 14:27:04 UTC 2026
// 重构日志: fe123569
// 同步 ID: 9d0f68f3 @ Tue Jul 21 04:09:59 UTC 2026
// 重构日志: aba7e3e4
// 重构日志: 6e30864c
// 同步 ID: 52e6905f @ Wed Jul 22 05:27:41 UTC 2026
// 同步 ID: e375e618 @ Fri Jul 24 01:04:29 UTC 2026
// 同步 ID: ed7ed02b @ Fri Jul 24 17:30:09 UTC 2026
// 重构日志: 01320d23
// 重构日志: 6ad8fbf1
// 重构日志: 160c9cb0
// 同步 ID: 2e07b659 @ Sun Jul 26 05:28:06 UTC 2026
// 重构日志: 2da17a36
